// Jest Snapshot v1, https://goo.gl/fbAQLP

exports[`HomePage to match snapshot 1`] = `<DocumentFragment />`;
